
===========================================================================
 report_power
============================================================================


======================= Slowest Corner =================================

Group                  Internal  Switching    Leakage      Total
                          Power      Power      Power      Power (Watts)
----------------------------------------------------------------
Sequential             4.82e-06   1.60e-07   2.93e-08   5.01e-06  12.5%
Combinational          2.98e-05   5.17e-06   1.06e-07   3.51e-05  87.5%
Macro                  0.00e+00   0.00e+00   0.00e+00   0.00e+00   0.0%
Pad                    0.00e+00   0.00e+00   0.00e+00   0.00e+00   0.0%
----------------------------------------------------------------
Total                  3.47e-05   5.33e-06   1.35e-07   4.01e-05 100.0%
                          86.4%      13.3%       0.3%

======================= Typical Corner ===================================

Group                  Internal  Switching    Leakage      Total
                          Power      Power      Power      Power (Watts)
----------------------------------------------------------------
Sequential             6.13e-06   2.05e-07   1.69e-11   6.33e-06  12.7%
Combinational          3.68e-05   6.63e-06   5.63e-10   4.34e-05  87.3%
Macro                  0.00e+00   0.00e+00   0.00e+00   0.00e+00   0.0%
Pad                    0.00e+00   0.00e+00   0.00e+00   0.00e+00   0.0%
----------------------------------------------------------------
Total                  4.29e-05   6.84e-06   5.79e-10   4.97e-05 100.0%
                          86.3%      13.7%       0.0%


======================= Fastest Corner =================================

Group                  Internal  Switching    Leakage      Total
                          Power      Power      Power      Power (Watts)
----------------------------------------------------------------
Sequential             7.10e-06   2.44e-07   2.90e-11   7.34e-06  12.8%
Combinational          4.23e-05   7.86e-06   7.18e-10   5.02e-05  87.2%
Macro                  0.00e+00   0.00e+00   0.00e+00   0.00e+00   0.0%
Pad                    0.00e+00   0.00e+00   0.00e+00   0.00e+00   0.0%
----------------------------------------------------------------
Total                  4.94e-05   8.11e-06   7.47e-10   5.75e-05 100.0%
                          85.9%      14.1%       0.0%
