
===========================================================================
 report_power
============================================================================


======================= Slowest Corner =================================

Group                  Internal  Switching    Leakage      Total
                          Power      Power      Power      Power (Watts)
----------------------------------------------------------------
Sequential             6.80e-05   2.59e-06   3.00e-08   7.06e-05  12.5%
Combinational          4.22e-04   7.29e-05   1.20e-07   4.95e-04  87.5%
Macro                  0.00e+00   0.00e+00   0.00e+00   0.00e+00   0.0%
Pad                    0.00e+00   0.00e+00   0.00e+00   0.00e+00   0.0%
----------------------------------------------------------------
Total                  4.90e-04   7.55e-05   1.50e-07   5.65e-04 100.0%
                          86.6%      13.3%       0.0%

======================= Typical Corner ===================================

Group                  Internal  Switching    Leakage      Total
                          Power      Power      Power      Power (Watts)
----------------------------------------------------------------
Sequential             8.63e-05   3.33e-06   1.69e-11   8.96e-05  12.8%
Combinational          5.20e-04   9.34e-05   5.65e-10   6.13e-04  87.2%
Macro                  0.00e+00   0.00e+00   0.00e+00   0.00e+00   0.0%
Pad                    0.00e+00   0.00e+00   0.00e+00   0.00e+00   0.0%
----------------------------------------------------------------
Total                  6.06e-04   9.67e-05   5.81e-10   7.03e-04 100.0%
                          86.2%      13.8%       0.0%


======================= Fastest Corner =================================

Group                  Internal  Switching    Leakage      Total
                          Power      Power      Power      Power (Watts)
----------------------------------------------------------------
Sequential             1.00e-04   3.97e-06   3.21e-11   1.04e-04  12.8%
Combinational          5.98e-04   1.11e-04   7.30e-10   7.09e-04  87.2%
Macro                  0.00e+00   0.00e+00   0.00e+00   0.00e+00   0.0%
Pad                    0.00e+00   0.00e+00   0.00e+00   0.00e+00   0.0%
----------------------------------------------------------------
Total                  6.98e-04   1.15e-04   7.62e-10   8.13e-04 100.0%
                          85.9%      14.1%       0.0%
